[    1088ms] [LOG] JQMIGRATE: Migrate is installed, version 3.0.0 @ https://crm.anhtester.com/assets/plugins/jquery/jquery-migrate.min.js?v=3.1.6:1
[    2452ms] [LOG] JQMIGRATE: Migrate is installed, version 3.0.0 @ https://crm.anhtester.com/assets/plugins/jquery/jquery-migrate.min.js?v=3.1.6:1
[    4233ms] [LOG] JQMIGRATE: Migrate is installed, version 3.0.0 @ https://crm.anhtester.com/assets/plugins/jquery/jquery-migrate.min.js?v=3.1.6:1
[    5615ms] [LOG] JQMIGRATE: Migrate is installed, version 3.0.0 @ https://crm.anhtester.com/assets/plugins/jquery/jquery-migrate.min.js?v=3.1.6:1
[    7229ms] [LOG] JQMIGRATE: Migrate is installed, version 3.0.0 @ https://crm.anhtester.com/assets/plugins/jquery/jquery-migrate.min.js?v=3.1.6:1
[    8908ms] [LOG] JQMIGRATE: Migrate is installed, version 3.0.0 @ https://crm.anhtester.com/assets/plugins/jquery/jquery-migrate.min.js?v=3.1.6:1
[   10569ms] [LOG] JQMIGRATE: Migrate is installed, version 3.0.0 @ https://crm.anhtester.com/assets/plugins/jquery/jquery-migrate.min.js?v=3.1.6:1
[   11196ms] Uncaught TypeError: Cannot assign to read only property '$' of object '#<Window>'
    at <anonymous> (https://cdnjs.cloudflare.com/ajax/libs/jquery/3.2.1/jquery.min.js:3:22472)
    at <anonymous> (https://cdnjs.cloudflare.com/ajax/libs/jquery/3.2.1/jquery.min.js:1:219)
    at <anonymous> (https://cdnjs.cloudflare.com/ajax/libs/jquery/3.2.1/jquery.min.js:1:224)
[   12953ms] [LOG] JQMIGRATE: Migrate is installed, version 3.0.0 @ https://crm.anhtester.com/assets/plugins/jquery/jquery-migrate.min.js?v=3.1.6:1
[   14579ms] [LOG] JQMIGRATE: Migrate is installed, version 3.0.0 @ https://crm.anhtester.com/assets/plugins/jquery/jquery-migrate.min.js?v=3.1.6:1
[   16844ms] [LOG] JQMIGRATE: Migrate is installed, version 3.0.0 @ https://crm.anhtester.com/assets/plugins/jquery/jquery-migrate.min.js?v=3.1.6:1
[   16981ms] [VERBOSE] [DOM] Input elements should have autocomplete attributes (suggested: "current-password"): (More info: https://goo.gl/9p2vKq) %o @ https://crm.anhtester.com/admin/staff/edit_profile:0
[   16982ms] [VERBOSE] [DOM] Input elements should have autocomplete attributes (suggested: "new-password"): (More info: https://goo.gl/9p2vKq) %o @ https://crm.anhtester.com/admin/staff/edit_profile:0
[   16982ms] [VERBOSE] [DOM] Input elements should have autocomplete attributes (suggested: "new-password"): (More info: https://goo.gl/9p2vKq) %o @ https://crm.anhtester.com/admin/staff/edit_profile:0
[   18840ms] [LOG] JQMIGRATE: Migrate is installed, version 3.0.0 @ https://crm.anhtester.com/assets/plugins/jquery/jquery-migrate.min.js?v=3.1.6:1
[   19975ms] [LOG] JQMIGRATE: Migrate is installed, version 3.0.0 @ https://crm.anhtester.com/assets/plugins/jquery/jquery-migrate.min.js?v=3.1.6:1
[   21003ms] [LOG] JQMIGRATE: Migrate is installed, version 3.0.0 @ https://crm.anhtester.com/assets/plugins/jquery/jquery-migrate.min.js?v=3.1.6:1
[   21951ms] [LOG] JQMIGRATE: Migrate is installed, version 3.0.0 @ https://crm.anhtester.com/assets/plugins/jquery/jquery-migrate.min.js?v=3.1.6:1
[   23009ms] [LOG] JQMIGRATE: Migrate is installed, version 3.0.0 @ https://crm.anhtester.com/assets/plugins/jquery/jquery-migrate.min.js?v=3.1.6:1
[   24039ms] [LOG] JQMIGRATE: Migrate is installed, version 3.0.0 @ https://crm.anhtester.com/assets/plugins/jquery/jquery-migrate.min.js?v=3.1.6:1
[   25622ms] [LOG] JQMIGRATE: Migrate is installed, version 3.0.0 @ https://crm.anhtester.com/assets/plugins/jquery/jquery-migrate.min.js?v=3.1.6:1
[   26527ms] [ERROR] Failed to load resource: the server responded with a status of 404 () @ https://crm.anhtester.com/assets/plugins/tinymce-stickytoolbar/stickytoolbar.js:0
[   26529ms] [LOG] JQMIGRATE: Migrate is installed, version 3.0.0 @ https://crm.anhtester.com/assets/plugins/jquery/jquery-migrate.min.js?v=3.1.6:1
