[     492ms] [LOG] JQMIGRATE: Migrate is installed, version 3.0.0 @ https://crm.anhtester.com/assets/plugins/jquery/jquery-migrate.min.js?v=3.1.6:1
[    1630ms] [LOG] JQMIGRATE: Migrate is installed, version 3.0.0 @ https://crm.anhtester.com/assets/plugins/jquery/jquery-migrate.min.js?v=3.1.6:1
[    1863ms] [VERBOSE] [DOM] Input elements should have autocomplete attributes (suggested: "new-password"): (More info: https://goo.gl/9p2vKq) %o @ https://crm.anhtester.com/admin/clients/client/9180?group=contacts&contactid=1096:0
[    2881ms] [LOG] JQMIGRATE: Migrate is installed, version 3.0.0 @ https://crm.anhtester.com/assets/plugins/jquery/jquery-migrate.min.js?v=3.1.6:1
[    4058ms] [LOG] JQMIGRATE: Migrate is installed, version 3.0.0 @ https://crm.anhtester.com/assets/plugins/jquery/jquery-migrate.min.js?v=3.1.6:1
[    5038ms] [LOG] JQMIGRATE: Migrate is installed, version 3.0.0 @ https://crm.anhtester.com/assets/plugins/jquery/jquery-migrate.min.js?v=3.1.6:1
[    6160ms] [LOG] JQMIGRATE: Migrate is installed, version 3.0.0 @ https://crm.anhtester.com/assets/plugins/jquery/jquery-migrate.min.js?v=3.1.6:1
[    7438ms] [LOG] JQMIGRATE: Migrate is installed, version 3.0.0 @ https://crm.anhtester.com/assets/plugins/jquery/jquery-migrate.min.js?v=3.1.6:1
[    8492ms] [LOG] JQMIGRATE: Migrate is installed, version 3.0.0 @ https://crm.anhtester.com/assets/plugins/jquery/jquery-migrate.min.js?v=3.1.6:1
[    9709ms] [LOG] JQMIGRATE: Migrate is installed, version 3.0.0 @ https://crm.anhtester.com/assets/plugins/jquery/jquery-migrate.min.js?v=3.1.6:1
[   10836ms] [LOG] JQMIGRATE: Migrate is installed, version 3.0.0 @ https://crm.anhtester.com/assets/plugins/jquery/jquery-migrate.min.js?v=3.1.6:1
[   12113ms] [LOG] JQMIGRATE: Migrate is installed, version 3.0.0 @ https://crm.anhtester.com/assets/plugins/jquery/jquery-migrate.min.js?v=3.1.6:1
[   13180ms] [LOG] JQMIGRATE: Migrate is installed, version 3.0.0 @ https://crm.anhtester.com/assets/plugins/jquery/jquery-migrate.min.js?v=3.1.6:1
[   14318ms] [LOG] JQMIGRATE: Migrate is installed, version 3.0.0 @ https://crm.anhtester.com/assets/plugins/jquery/jquery-migrate.min.js?v=3.1.6:1
[   15272ms] [LOG] JQMIGRATE: Migrate is installed, version 3.0.0 @ https://crm.anhtester.com/assets/plugins/jquery/jquery-migrate.min.js?v=3.1.6:1
[   16502ms] [LOG] JQMIGRATE: Migrate is installed, version 3.0.0 @ https://crm.anhtester.com/assets/plugins/jquery/jquery-migrate.min.js?v=3.1.6:1
[   17677ms] [LOG] JQMIGRATE: Migrate is installed, version 3.0.0 @ https://crm.anhtester.com/assets/plugins/jquery/jquery-migrate.min.js?v=3.1.6:1
[   18707ms] [LOG] JQMIGRATE: Migrate is installed, version 3.0.0 @ https://crm.anhtester.com/assets/plugins/jquery/jquery-migrate.min.js?v=3.1.6:1
[   19736ms] [LOG] JQMIGRATE: Migrate is installed, version 3.0.0 @ https://crm.anhtester.com/assets/plugins/jquery/jquery-migrate.min.js?v=3.1.6:1
[   20966ms] [LOG] JQMIGRATE: Migrate is installed, version 3.0.0 @ https://crm.anhtester.com/assets/plugins/jquery/jquery-migrate.min.js?v=3.1.6:1
[   21710ms] [ERROR] Failed to load resource: the server responded with a status of 404 () @ https://crm.anhtester.com/admin/invoice_items/groups:0
[   22178ms] [WARNING] cdn.tailwindcss.com should not be used in production. To use Tailwind CSS in production, install it as a PostCSS plugin or use the Tailwind CLI: https://tailwindcss.com/docs/installation @ https://cdn.tailwindcss.com/:63
[   22978ms] [ERROR] Failed to load resource: the server responded with a status of 404 () @ https://crm.anhtester.com/favicon.ico:0
[   23658ms] [LOG] JQMIGRATE: Migrate is installed, version 3.0.0 @ https://crm.anhtester.com/assets/plugins/jquery/jquery-migrate.min.js?v=3.1.6:1
[   24518ms] [LOG] JQMIGRATE: Migrate is installed, version 3.0.0 @ https://crm.anhtester.com/assets/plugins/jquery/jquery-migrate.min.js?v=3.1.6:1
[   25538ms] [LOG] JQMIGRATE: Migrate is installed, version 3.0.0 @ https://crm.anhtester.com/assets/plugins/jquery/jquery-migrate.min.js?v=3.1.6:1
[   26458ms] [LOG] JQMIGRATE: Migrate is installed, version 3.0.0 @ https://crm.anhtester.com/assets/plugins/jquery/jquery-migrate.min.js?v=3.1.6:1
